// Jest Snapshot v1, https://goo.gl/fbAQLP

exports[`Test custom TicketInfo component Render empty TicketInfo 1`] = `
<div
  className="container"
>
  <div
    className="title"
  />
  <div
    className="text"
  >
    - / -
  </div>
</div>
`;
